<title>COMP590 PA2 Images</title>
<body>
    <img src="primaries.png">
    <img src="ramp.png">
    <img src="rand.png">
    <img src="blend.png">
    <img src="frame.png">
</body>
